#
# There is insufficient memory for the Java Runtime Environment to continue.
# Native memory allocation (mmap) failed to map 264241152 bytes for G1 virtual space
# Possible reasons:
#   The system is out of physical RAM or swap space
#   The process is running with CompressedOops enabled, and the Java Heap may be blocking the growth of the native heap
# Possible solutions:
#   Reduce memory load on the system
#   Increase physical memory or swap space
#   Check if swap backing store is full
#   Decrease Java heap size (-Xmx/-Xms)
#   Decrease number of Java threads
#   Decrease Java thread stack sizes (-Xss)
#   Set larger code cache with -XX:ReservedCodeCacheSize=
#   JVM is running with Zero Based Compressed Oops mode in which the Java heap is
#     placed in the first 32GB address space. The Java Heap base address is the
#     maximum limit for the native heap growth. Please use -XX:HeapBaseMinAddress
#     to set the Java Heap base and to place the Java Heap above 32GB virtual address.
# This output file may be truncated or incomplete.
#
#  Out of Memory Error (os_windows.cpp:3548), pid=48184, tid=8404
#
# JRE version:  (17.0.12+8) (build )
# Java VM: Java HotSpot(TM) 64-Bit Server VM (17.0.12+8-LTS-286, mixed mode, sharing, tiered, compressed oops, compressed class ptrs, g1 gc, windows-amd64)
# No core dump will be written. Minidumps are not enabled by default on client versions of Windows
#

---------------  S U M M A R Y ------------

Command Line: -Dclassworlds.conf=C:\Program Files\JetBrains\IntelliJ IDEA 2025.2.2\plugins\maven\lib\maven3\bin\m2.conf -Dmaven.home=C:\Program Files\JetBrains\IntelliJ IDEA 2025.2.2\plugins\maven\lib\maven3 -Dlibrary.jansi.path=C:\Program Files\JetBrains\IntelliJ IDEA 2025.2.2\plugins\maven\lib\maven3\lib\jansi-native -Dmaven.multiModuleProjectDirectory=C:\Users\sabri\IdeaProjects\PiDEV org.codehaus.plexus.classworlds.launcher.Launcher -Didea.version=2025.2.2 -Dmaven.ext.class.path=C:\Program Files\JetBrains\IntelliJ IDEA 2025.2.2\plugins\maven\lib\maven-event-listener.jar -Djansi.passthrough=true -Dstyle.color=always -Dmaven.repo.local=C:\Users\sabri\.m2\repository org.openjfx:javafx-maven-plugin:0.0.8:run -f pom.xml

Host: 12th Gen Intel(R) Core(TM) i5-12500H, 16 cores, 15G,  Windows 11 , 64 bit Build 26100 (10.0.26100.7623)
Time: Fri Feb 13 17:03:14 2026 Paris, Madrid elapsed time: 1.191417 seconds (0d 0h 0m 1s)

---------------  T H R E A D  ---------------

Current thread (0x0000025762362ea0):  JavaThread "Unknown thread" [_thread_in_vm, id=8404, stack(0x00000077e4900000,0x00000077e4a00000)]

Stack: [0x00000077e4900000,0x00000077e4a00000]
Native frames: (J=compiled Java code, j=interpreted, Vv=VM code, C=native code)
V  [jvm.dll+0x67a04a]
V  [jvm.dll+0x7da4ed]
V  [jvm.dll+0x7dbe33]
V  [jvm.dll+0x7dc4a3]
V  [jvm.dll+0x24508f]
V  [jvm.dll+0x677089]
V  [jvm.dll+0x66bd32]
V  [jvm.dll+0x301fa6]
V  [jvm.dll+0x309546]
V  [jvm.dll+0x359d2e]
V  [jvm.dll+0x359f5f]
V  [jvm.dll+0x2d9078]
V  [jvm.dll+0x2d9fe4]
V  [jvm.dll+0x7aca21]
V  [jvm.dll+0x367591]
V  [jvm.dll+0x78b999]
V  [jvm.dll+0x3ec83f]
V  [jvm.dll+0x3ee471]
C  [jli.dll+0x5297]
C  [ucrtbase.dll+0x37b0]
C  [KERNEL32.DLL+0x2e8d7]
C  [ntdll.dll+0x8c53c]


---------------  P R O C E S S  ---------------

Threads class SMR info:
_java_thread_list=0x00007ff8721a7a18, length=0, elements={
}

Java Threads: ( => current thread )

Other Threads:
  0x00000257623cde90 GCTaskThread "GC Thread#0" [stack: 0x00000077e4a00000,0x00000077e4b00000] [id=43036]
  0x00000257623df850 ConcurrentGCThread "G1 Main Marker" [stack: 0x00000077e4b00000,0x00000077e4c00000] [id=6232]
  0x00000257623e0e40 ConcurrentGCThread "G1 Conc#0" [stack: 0x00000077e4c00000,0x00000077e4d00000] [id=14044]

[error occurred during error reporting (printing all threads), id 0xc0000005, EXCEPTION_ACCESS_VIOLATION (0xc0000005) at pc=0x00007ff8719d9b67]

VM state: not at safepoint (not fully initialized)

VM Mutex/Monitor currently owned by a thread:  ([mutex/lock_event])
[0x000002576235f500] Heap_lock - owner thread: 0x0000025762362ea0

Heap address: 0x0000000704a00000, size: 4022 MB, Compressed Oops mode: Zero based, Oop shift amount: 3

CDS archive(s) mapped at: [0x0000000000000000-0x0000000000000000-0x0000000000000000), size 0, SharedBaseAddress: 0x0000000800000000, ArchiveRelocationMode: 1.
Narrow klass base: 0x0000000000000000, Narrow klass shift: 0, Narrow klass range: 0x0

GC Precious Log:
<Empty>

Heap:
 garbage-first heap   total 0K, used 0K [0x0000000704a00000, 0x0000000800000000)
  region size 2048K, 0 young (0K), 0 survivors (0K)

[error occurred during error reporting (printing heap information), id 0xc0000005, EXCEPTION_ACCESS_VIOLATION (0xc0000005) at pc=0x00007ff871dc3859]

GC Heap History (0 events):
No events

Deoptimization events (0 events):
No events

Classes unloaded (0 events):
No events

Classes redefined (0 events):
No events

Internal exceptions (0 events):
No events

VM Operations (0 events):
No events

Events (1 events):
Event: 0.008 Loaded shared library C:\Program Files\Java\jdk-17\bin\java.dll


Dynamic libraries:
0x00007ff766e90000 - 0x00007ff766ea0000 	C:\Program Files\Java\jdk-17\bin\java.exe
0x00007ff944de0000 - 0x00007ff945047000 	C:\WINDOWS\SYSTEM32\ntdll.dll
0x00007ff943c80000 - 0x00007ff943d49000 	C:\WINDOWS\System32\KERNEL32.DLL
0x00007ff941f30000 - 0x00007ff94231f000 	C:\WINDOWS\System32\KERNELBASE.dll
0x00007ff942360000 - 0x00007ff9424ab000 	C:\WINDOWS\System32\ucrtbase.dll
0x00007ff93f210000 - 0x00007ff93f229000 	C:\Program Files\Java\jdk-17\bin\jli.dll
0x00007ff93f160000 - 0x00007ff93f17b000 	C:\Program Files\Java\jdk-17\bin\VCRUNTIME140.dll
0x00007ff943bc0000 - 0x00007ff943c74000 	C:\WINDOWS\System32\ADVAPI32.dll
0x00007ff943280000 - 0x00007ff943329000 	C:\WINDOWS\System32\msvcrt.dll
0x00007ff943530000 - 0x00007ff9435d6000 	C:\WINDOWS\System32\sechost.dll
0x00007ff944b40000 - 0x00007ff944c58000 	C:\WINDOWS\System32\RPCRT4.dll
0x00007ff942d20000 - 0x00007ff942ee5000 	C:\WINDOWS\System32\USER32.dll
0x00007ff942330000 - 0x00007ff942357000 	C:\WINDOWS\System32\win32u.dll
0x00007ff928410000 - 0x00007ff9286a3000 	C:\WINDOWS\WinSxS\amd64_microsoft.windows.common-controls_6595b64144ccf1df_6.0.26100.7309_none_3e05feeae336a044\COMCTL32.dll
0x00007ff9435e0000 - 0x00007ff94360b000 	C:\WINDOWS\System32\GDI32.dll
0x00007ff942840000 - 0x00007ff94296c000 	C:\WINDOWS\System32\gdi32full.dll
0x00007ff942620000 - 0x00007ff9426c3000 	C:\WINDOWS\System32\msvcp_win.dll
0x00007ff937ce0000 - 0x00007ff937ceb000 	C:\WINDOWS\SYSTEM32\VERSION.dll
0x00007ff9444b0000 - 0x00007ff9444e1000 	C:\WINDOWS\System32\IMM32.DLL
0x00007ff93f8b0000 - 0x00007ff93f8bc000 	C:\Program Files\Java\jdk-17\bin\vcruntime140_1.dll
0x00007ff93c1e0000 - 0x00007ff93c26e000 	C:\Program Files\Java\jdk-17\bin\msvcp140.dll
0x00007ff8716f0000 - 0x00007ff8722d0000 	C:\Program Files\Java\jdk-17\bin\server\jvm.dll
0x00007ff944a30000 - 0x00007ff944a38000 	C:\WINDOWS\System32\PSAPI.DLL
0x00007ff9244f0000 - 0x00007ff9244fa000 	C:\WINDOWS\SYSTEM32\WSOCK32.dll
0x00007ff9336d0000 - 0x00007ff933705000 	C:\WINDOWS\SYSTEM32\WINMM.dll
0x00007ff944650000 - 0x00007ff9446c4000 	C:\WINDOWS\System32\WS2_32.dll
0x00007ff940c00000 - 0x00007ff940c1b000 	C:\WINDOWS\SYSTEM32\kernel.appcore.dll
0x00007ff93f150000 - 0x00007ff93f15a000 	C:\Program Files\Java\jdk-17\bin\jimage.dll
0x00007ff93f600000 - 0x00007ff93f842000 	C:\WINDOWS\SYSTEM32\DBGHELP.DLL
0x00007ff942ef0000 - 0x00007ff943276000 	C:\WINDOWS\System32\combase.dll
0x00007ff943610000 - 0x00007ff9436e6000 	C:\WINDOWS\System32\OLEAUT32.dll
0x00007ff927930000 - 0x00007ff92796c000 	C:\WINDOWS\SYSTEM32\dbgcore.DLL
0x00007ff9426d0000 - 0x00007ff942775000 	C:\WINDOWS\System32\bcryptPrimitives.dll
0x00007ff93c1b0000 - 0x00007ff93c1d5000 	C:\Program Files\Java\jdk-17\bin\java.dll

dbghelp: loaded successfully - version: 4.0.5 - missing functions: none
symbol engine: initialized successfully - sym options: 0x614 - pdb path: .;C:\Program Files\Java\jdk-17\bin;C:\WINDOWS\SYSTEM32;C:\WINDOWS\WinSxS\amd64_microsoft.windows.common-controls_6595b64144ccf1df_6.0.26100.7309_none_3e05feeae336a044;C:\Program Files\Java\jdk-17\bin\server

VM Arguments:
jvm_args: -Dclassworlds.conf=C:\Program Files\JetBrains\IntelliJ IDEA 2025.2.2\plugins\maven\lib\maven3\bin\m2.conf -Dmaven.home=C:\Program Files\JetBrains\IntelliJ IDEA 2025.2.2\plugins\maven\lib\maven3 -Dlibrary.jansi.path=C:\Program Files\JetBrains\IntelliJ IDEA 2025.2.2\plugins\maven\lib\maven3\lib\jansi-native -Dmaven.multiModuleProjectDirectory=C:\Users\sabri\IdeaProjects\PiDEV 
java_command: org.codehaus.plexus.classworlds.launcher.Launcher -Didea.version=2025.2.2 -Dmaven.ext.class.path=C:\Program Files\JetBrains\IntelliJ IDEA 2025.2.2\plugins\maven\lib\maven-event-listener.jar -Djansi.passthrough=true -Dstyle.color=always -Dmaven.repo.local=C:\Users\sabri\.m2\repository org.openjfx:javafx-maven-plugin:0.0.8:run -f pom.xml
java_class_path (initial): C:\Program Files\JetBrains\IntelliJ IDEA 2025.2.2\plugins\maven\lib\maven3\boot\plexus-classworlds-2.8.0.jar
Launcher Type: SUN_STANDARD

[Global flags]
     intx CICompilerCount                          = 12                                        {product} {ergonomic}
     uint ConcGCThreads                            = 3                                         {product} {ergonomic}
     uint G1ConcRefinementThreads                  = 13                                        {product} {ergonomic}
   size_t G1HeapRegionSize                         = 2097152                                   {product} {ergonomic}
    uintx GCDrainStackTargetSize                   = 64                                        {product} {ergonomic}
   size_t InitialHeapSize                          = 264241152                                 {product} {ergonomic}
   size_t MarkStackSize                            = 4194304                                   {product} {ergonomic}
   size_t MaxHeapSize                              = 4217372672                                {product} {ergonomic}
   size_t MinHeapDeltaBytes                        = 2097152                                   {product} {ergonomic}
   size_t MinHeapSize                              = 8388608                                   {product} {ergonomic}
    uintx NonNMethodCodeHeapSize                   = 7602480                                {pd product} {ergonomic}
    uintx NonProfiledCodeHeapSize                  = 122027880                              {pd product} {ergonomic}
    uintx ProfiledCodeHeapSize                     = 122027880                              {pd product} {ergonomic}
    uintx ReservedCodeCacheSize                    = 251658240                              {pd product} {ergonomic}
     bool SegmentedCodeCache                       = true                                      {product} {ergonomic}
   size_t SoftMaxHeapSize                          = 4217372672                             {manageable} {ergonomic}
     bool UseCompressedClassPointers               = true                           {product lp64_product} {ergonomic}
     bool UseCompressedOops                        = true                           {product lp64_product} {ergonomic}
     bool UseG1GC                                  = true                                      {product} {ergonomic}
     bool UseLargePagesIndividualAllocation        = false                                  {pd product} {ergonomic}

Logging:
Log output configuration:
 #0: stdout all=warning uptime,level,tags
 #1: stderr all=off uptime,level,tags

Environment Variables:
JAVA_HOME=C:\Program Files\Java\jdk-17
PATH=C:\Program Files (x86)\VMware\VMware Workstation\bin\;C:\Program Files\Common Files\Oracle\Java\javapath;C:\oraclexe\app\oracle\product\11.2.0\server\bin;C:\WINDOWS\system32;C:\WINDOWS;C:\WINDOWS\System32\Wbem;C:\WINDOWS\System32\WindowsPowerShell\v1.0\;C:\WINDOWS\System32\OpenSSH\;C:\Program Files\dotnet\;C:\Program Files\nodejs\;C:\Program Files (x86)\NVIDIA Corporation\PhysX\Common;C:\Program Files\Git\cmd;C:\Program Files\Docker\Docker\resources\bin;C:\Program Files\NVIDIA Corporation\NVIDIA app\NvDLISR;C:\Program Files\Java\jdk-17\bin;C:\xampp\php;C:\ProgramData\ComposerSetup\bin;C:\Users\sabri\scoop\shims;C:\Program Files\MySQL\MySQL Shell 8.0\bin\;C:\Users\sabri\AppData\Local\Microsoft\WindowsApps;C:\Users\sabri\.dotnet\tools;C:\Users\sabri\AppData\Local\Programs\Microsoft VS Code\bin;C:\Users\sabri\AppData\Roaming\npm;C:\Users\sabri\AppData\Roaming\Composer\vendor\bin
USERNAME=sabri
OS=Windows_NT
PROCESSOR_IDENTIFIER=Intel64 Family 6 Model 154 Stepping 3, GenuineIntel



---------------  S Y S T E M  ---------------

OS:
 Windows 11 , 64 bit Build 26100 (10.0.26100.7623)
OS uptime: 25 days 4:59 hours
Hyper-V role detected

CPU: total 16 (initial active 16) (8 cores per cpu, 2 threads per core) family 6 model 154 stepping 3 microcode 0x413, cx8, cmov, fxsr, ht, mmx, 3dnowpref, sse, sse2, sse3, ssse3, sse4.1, sse4.2, popcnt, lzcnt, tsc, tscinvbit, avx, avx2, aes, erms, clmul, bmi1, bmi2, adx, sha, fma, vzeroupper, clflush, clflushopt, clwb, hv

Memory: 4k page, system-wide physical 16085M (1001M free)
TotalPageFile size 65237M (AvailPageFile size 171M)
current process WorkingSet (physical memory assigned to process): 12M, peak: 12M
current process commit charge ("private bytes"): 70M, peak: 322M

vm_info: Java HotSpot(TM) 64-Bit Server VM (17.0.12+8-LTS-286) for windows-amd64 JRE (17.0.12+8-LTS-286), built on Jun  5 2024 06:46:59 by "mach5one" with MS VC++ 17.6 (VS2022)

END.
